../Core/Src/main.c:77:12:clamp_int	24	static
../Core/Src/main.c:84:13:uart_print	16	static
../Core/Src/main.c:89:17:pwm_from_percent	24	static
../Core/Src/main.c:96:13:set_left_motor	16	static
../Core/Src/main.c:112:13:set_right_motor	24	static
../Core/Src/main.c:128:13:stop_all_motors	8	static
../Core/Src/main.c:134:13:parse_command	32	static
../Core/Src/main.c:149:13:process_serial	24	static
../Core/Src/main.c:190:13:run_self_test	8	static
../Core/Src/main.c:212:5:main	8	static
../Core/Src/main.c:314:6:SystemClock_Config	88	static
../Core/Src/main.c:356:13:MX_TIM3_Init	48	static
../Core/Src/main.c:409:13:MX_TIM4_Init	64	static
../Core/Src/main.c:474:13:MX_USART1_UART_Init	8	static
../Core/Src/main.c:507:13:MX_USART2_UART_Init	8	static
../Core/Src/main.c:540:13:MX_GPIO_Init	40	static
../Core/Src/main.c:593:6:Error_Handler	4	static,ignoring_inline_asm
